******************************************************************************
                  TI ARM Linker PC v15.12.1                    
******************************************************************************
>> Linked Wed Sep 28 14:13:36 2016

OUTPUT FILE NAME:   <lab5.out>
ENTRY POINT SYMBOL: "_c_int00"  address: 00002645


MEMORY CONFIGURATION

         name            origin    length      used     unused   attr    fill
----------------------  --------  ---------  --------  --------  ----  --------
  FLASH                 00000000   00040000  00002a29  0003d5d7  R  X
  SRAM                  20000000   00008000  00000872  0000778e  RW X


SEGMENT ALLOCATION MAP

run origin  load origin   length   init length attrs members
----------  ----------- ---------- ----------- ----- -------
00000000    00000000    00002a2c   00002a2c    r-x
  00000000    00000000    0000026c   0000026c    r-- .intvecs
  0000026c    0000026c    00002678   00002678    r-x .text
  000028e4    000028e4    00000109   00000109    r-- .const
  000029f0    000029f0    0000003c   0000003c    r-- .cinit
20000000    20000000    00000875   00000000    rw-
  20000000    20000000    00000800   00000000    rw- .stack
  20000800    20000800    00000055   00000000    rw- .bss
  20000858    20000858    0000001d   00000000    rw- .data


SECTION ALLOCATION MAP

 output                                  attributes/
section   page    origin      length       input sections
--------  ----  ----------  ----------   ----------------
.intvecs   0    00000000    0000026c     
                  00000000    0000026c     tm4c123gh6pm_startup_ccs.obj (.intvecs)

.text      0    0000026c    00002678     
                  0000026c    00001110     rtsv7M4_T_le_v4SPD16_eabi.lib : _printfi.obj (.text)
                  0000137c    000002ec     lcd.obj (.text)
                  00001668    0000028c     main.obj (.text)
                  000018f4    000001f4     rtsv7M4_T_le_v4SPD16_eabi.lib : ull_div_t2.obj (.text)
                  00001ae8    000001b6                                   : fd_add_t2.obj (.text)
                  00001c9e    00000002                                   : mpu_init.obj (.text)
                  00001ca0    00000158     timer.obj (.text)
                  00001df8    00000136     rtsv7M4_T_le_v4SPD16_eabi.lib : fd_div_t2.obj (.text)
                  00001f2e    000000fc                                   : fd_mul_t2.obj (.text)
                  0000202a    00000002                                   : startup.obj (.text)
                  0000202c    000000fc                                   : s_scalbn.obj (.text)
                  00002128    000000d8     button.obj (.text)
                  00002200    0000009c     rtsv7M4_T_le_v4SPD16_eabi.lib : memcpy_t2.obj (.text)
                  0000229c    00000088                                   : vsnprintf.obj (.text)
                  00002324    00000086                                   : fd_cmp_t2.obj (.text:__aeabi_cdcmple)
                  000023aa    00000086                                   : fd_cmp_t2.obj (.text:__aeabi_cdrcmple)
                  00002430    0000007a                                   : memset_t2.obj (.text)
                  000024aa    00000002     --HOLE-- [fill = 0]
                  000024ac    00000070                                   : autoinit.obj (.text)
                  0000251c    0000006a                                   : copy_decompress_rle.obj (.text)
                  00002586    00000002     --HOLE-- [fill = 0]
                  00002588    00000064                                   : s_frexp.obj (.text)
                  000025ec    00000056                                   : ltoa.obj (.text)
                  00002642    00000002     --HOLE-- [fill = 0]
                  00002644    00000054                                   : boot.obj (.text)
                  00002698    00000054                                   : exit.obj (.text)
                  000026ec    0000004c                                   : atoi.obj (.text)
                  00002738    0000004c                                   : cpy_tbl.obj (.text)
                  00002784    00000048                                   : fd_toi_t2.obj (.text)
                  000027cc    0000002e                                   : i_tofd_t2.obj (.text)
                  000027fa    0000001c                                   : memccpy.obj (.text)
                  00002816    00000002     --HOLE-- [fill = 0]
                  00002818    00000018                                   : args_main.obj (.text)
                  00002830    00000018                                   : strcmp.obj (.text)
                  00002848    00000016                                   : strchr.obj (.text)
                  0000285e    00000002     --HOLE-- [fill = 0]
                  00002860    00000014                                   : _lock.obj (.text)
                  00002874    00000014                                   : s_copysign.obj (.text)
                  00002888    00000014                                   : strcpy.obj (.text)
                  0000289c    00000014                                   : strlen.obj (.text)
                  000028b0    00000010     lcd.obj (.text:lcd_clear)
                  000028c0    0000000e     rtsv7M4_T_le_v4SPD16_eabi.lib : copy_decompress_none.obj (.text:decompress:none)
                  000028ce    0000000c     tm4c123gh6pm_startup_ccs.obj (.text)
                  000028da    00000006     rtsv7M4_T_le_v4SPD16_eabi.lib : copy_decompress_rle.obj (.text:decompress:rle24)
                  000028e0    00000004                                   : pre_init.obj (.text)

.const     0    000028e4    00000109     
                  000028e4    00000101     rtsv7M4_T_le_v4SPD16_eabi.lib : ctype.obj (.const:.string:_ctypes_)
                  000029e5    00000004     lcd.obj (.const:.string:lineAddress$1)
                  000029e9    00000004     lcd.obj (.const:.string:lineAddresses$2)

.cinit     0    000029f0    0000003c     
                  000029f0    00000016     (.cinit..data.load) [load image, compression = rle]
                  00002a06    00000002     --HOLE-- [fill = 0]
                  00002a08    00000009     (.cinit..bss.load) [load image, compression = rle]
                  00002a11    00000003     --HOLE-- [fill = 0]
                  00002a14    00000008     (__TI_handler_table)
                  00002a1c    00000010     (__TI_cinit_table)

.init_array 
*          0    00000000    00000000     UNINITIALIZED

.stack     0    20000000    00000800     UNINITIALIZED
                  20000000    00000800     --HOLE--

.bss       0    20000800    00000055     UNINITIALIZED
                  20000800    00000054     lcd.obj (.bss:lastbuffer$3)
                  20000854    00000001     (.common:_prevButton)

.data      0    20000858    0000001d     UNINITIALIZED
                  20000858    0000000c     rtsv7M4_T_le_v4SPD16_eabi.lib : exit.obj (.data:$O1$$)
                  20000864    00000008                                   : _lock.obj (.data:$O1$$)
                  2000086c    00000004                                   : errno.obj (.data)
                  20000870    00000004                                   : stkdepth_vars.obj (.data)
                  20000874    00000001     button.obj (.data)

MODULE SUMMARY

       Module                         code   ro data   rw data
       ------                         ----   -------   -------
    .\
       lcd.obj                        764    8         84     
       main.obj                       652    0         0      
       tm4c123gh6pm_startup_ccs.obj   12     620       0      
       timer.obj                      344    0         0      
       button.obj                     216    0         2      
    +--+------------------------------+------+---------+---------+
       Total:                         1988   628       86     
                                                              
    C:\ti\ccsv6\tools\compiler\ti-cgt-arm_15.12.1.LTS\lib\rtsv7M4_T_le_v4SPD16_eabi.lib
       _printfi.obj                   4368   0         0      
       ull_div_t2.obj                 500    0         0      
       fd_add_t2.obj                  438    0         0      
       fd_div_t2.obj                  310    0         0      
       fd_cmp_t2.obj                  268    0         0      
       ctype.obj                      0      257       0      
       fd_mul_t2.obj                  252    0         0      
       s_scalbn.obj                   252    0         0      
       memcpy_t2.obj                  156    0         0      
       vsnprintf.obj                  136    0         0      
       memset_t2.obj                  122    0         0      
       autoinit.obj                   112    0         0      
       copy_decompress_rle.obj        112    0         0      
       s_frexp.obj                    100    0         0      
       exit.obj                       84     0         12     
       ltoa.obj                       86     0         0      
       boot.obj                       84     0         0      
       atoi.obj                       76     0         0      
       cpy_tbl.obj                    76     0         0      
       fd_toi_t2.obj                  72     0         0      
       i_tofd_t2.obj                  46     0         0      
       _lock.obj                      20     0         8      
       memccpy.obj                    28     0         0      
       args_main.obj                  24     0         0      
       strcmp.obj                     24     0         0      
       strchr.obj                     22     0         0      
       s_copysign.obj                 20     0         0      
       strcpy.obj                     20     0         0      
       strlen.obj                     20     0         0      
       copy_decompress_none.obj       14     0         0      
       errno.obj                      0      0         4      
       pre_init.obj                   4      0         0      
       stkdepth_vars.obj              0      0         4      
       mpu_init.obj                   2      0         0      
       startup.obj                    2      0         0      
    +--+------------------------------+------+---------+---------+
       Total:                         7850   257       28     
                                                              
       Stack:                         0      0         2048   
       Linker Generated:              0      55        0      
    +--+------------------------------+------+---------+---------+
       Grand Total:                   9838   940       2162   


LINKER GENERATED COPY TABLES

__TI_cinit_table @ 00002a1c records: 2, size/record: 8, table size: 16
	.data: load addr=000029f0, load size=00000016 bytes, run addr=20000858, run size=0000001d bytes, compression=rle
	.bss: load addr=00002a08, load size=00000009 bytes, run addr=20000800, run size=00000055 bytes, compression=rle


LINKER GENERATED HANDLER TABLE

__TI_handler_table @ 00002a14 records: 2, size/record: 4, table size: 8
	index: 0, handler: __TI_decompress_rle24
	index: 1, handler: __TI_decompress_none


GLOBAL SYMBOLS: SORTED ALPHABETICALLY BY Name 

address   name                           
-------   ----                           
00002699  C$$EXIT                        
000028cf  ResetISR                       
UNDEFED   SHT$$INIT_ARRAY$$Base          
UNDEFED   SHT$$INIT_ARRAY$$Limit         
20000800  __STACK_END                    
00000800  __STACK_SIZE                   
20000200  __STACK_TOP                    
00002a1c  __TI_CINIT_Base                
00002a2c  __TI_CINIT_Limit               
00002a14  __TI_Handler_Table_Base        
00002a1c  __TI_Handler_Table_Limit       
000024ad  __TI_auto_init                 
20000858  __TI_cleanup_ptr               
000028c1  __TI_decompress_none           
000028db  __TI_decompress_rle24          
2000085c  __TI_dtors_ptr                 
20000860  __TI_enable_exit_profile_output
ffffffff  __TI_pprof_out_hndl            
00001077  __TI_printfi                   
ffffffff  __TI_prof_data_size            
ffffffff  __TI_prof_data_start           
00000000  __TI_static_base__             
00002325  __aeabi_cdcmpeq                
00002325  __aeabi_cdcmple                
000023ab  __aeabi_cdrcmple               
00002785  __aeabi_d2iz                   
00001af3  __aeabi_dadd                   
00001df9  __aeabi_ddiv                   
00001f2f  __aeabi_dmul                   
00001ae9  __aeabi_dsub                   
000027cd  __aeabi_i2d                    
00002431  __aeabi_memclr                 
00002431  __aeabi_memclr4                
00002431  __aeabi_memclr8                
00002201  __aeabi_memcpy                 
00002201  __aeabi_memcpy4                
00002201  __aeabi_memcpy8                
00002433  __aeabi_memset                 
00002433  __aeabi_memset4                
00002433  __aeabi_memset8                
000018f5  __aeabi_uldivmod               
ffffffff  __binit__                      
ffffffff  __c_args__                     
00001c9f  __mpu_init                     
20000000  __stack                        
00002819  _args_main                     
00002645  _c_int00                       
000028e4  _ctypes_                       
20000864  _lock                          
0000286f  _nop                           
20000854  _prevButton                    
00002867  _register_lock                 
00002861  _register_unlock               
0000202b  _system_post_cinit             
000028e1  _system_pre_init               
20000868  _unlock                        
0000269d  abort                          
000026ed  atoi                           
ffffffff  binit                          
00002155  button_checkButtons            
0000215f  button_getButton               
00002195  button_getButtonBlocking       
000021a9  button_getButtonChange         
000021d3  button_getButtonChangeBlocking 
00002129  button_init                    
000017b7  check_buttons                  
00002739  copy_in                        
00002875  copysign                       
00002875  copysignl                      
2000086c  errno                          
000026a5  exit                           
00002589  frexp                          
00002589  frexpl                         
00000000  g_pfnVectors                   
000028b1  lcd_clear                      
00001515  lcd_gotoLine                   
0000137d  lcd_init                       
0000157b  lcd_printf                     
0000143d  lcd_putc                       
00001475  lcd_puts                       
00001493  lcd_sendCommand                
000014d1  lcd_sendNibble                 
0000153d  lcd_setCursorPos               
0000202d  ldexp                          
0000202d  ldexpl                         
000025ed  ltoa                           
00001835  main                           
20000870  main_func_sp                   
000027fb  memccpy                        
00002201  memcpy                         
00002439  memset                         
0000175b  repeat                         
0000202d  scalbn                         
0000202d  scalbnl                        
00002849  strchr                         
00002831  strcmp                         
00002889  strcpy                         
0000289d  strlen                         
00001db1  timer_getClock                 
00001d65  timer_startClock               
00001cff  timer_startTimer               
00001db7  timer_stopClock                
00001d4f  timer_stopTimer                
00001cd5  timer_waitMicros               
00001ca1  timer_waitMillis               
00001669  uart_init                      
00001735  uart_receive                   
000016f1  uart_sendChar                  
0000170d  uart_sendString                
0000229d  vsnprintf                      


GLOBAL SYMBOLS: SORTED BY Symbol Address 

address   name                           
-------   ----                           
00000000  __TI_static_base__             
00000000  g_pfnVectors                   
00000800  __STACK_SIZE                   
00001077  __TI_printfi                   
0000137d  lcd_init                       
0000143d  lcd_putc                       
00001475  lcd_puts                       
00001493  lcd_sendCommand                
000014d1  lcd_sendNibble                 
00001515  lcd_gotoLine                   
0000153d  lcd_setCursorPos               
0000157b  lcd_printf                     
00001669  uart_init                      
000016f1  uart_sendChar                  
0000170d  uart_sendString                
00001735  uart_receive                   
0000175b  repeat                         
000017b7  check_buttons                  
00001835  main                           
000018f5  __aeabi_uldivmod               
00001ae9  __aeabi_dsub                   
00001af3  __aeabi_dadd                   
00001c9f  __mpu_init                     
00001ca1  timer_waitMillis               
00001cd5  timer_waitMicros               
00001cff  timer_startTimer               
00001d4f  timer_stopTimer                
00001d65  timer_startClock               
00001db1  timer_getClock                 
00001db7  timer_stopClock                
00001df9  __aeabi_ddiv                   
00001f2f  __aeabi_dmul                   
0000202b  _system_post_cinit             
0000202d  ldexp                          
0000202d  ldexpl                         
0000202d  scalbn                         
0000202d  scalbnl                        
00002129  button_init                    
00002155  button_checkButtons            
0000215f  button_getButton               
00002195  button_getButtonBlocking       
000021a9  button_getButtonChange         
000021d3  button_getButtonChangeBlocking 
00002201  __aeabi_memcpy                 
00002201  __aeabi_memcpy4                
00002201  __aeabi_memcpy8                
00002201  memcpy                         
0000229d  vsnprintf                      
00002325  __aeabi_cdcmpeq                
00002325  __aeabi_cdcmple                
000023ab  __aeabi_cdrcmple               
00002431  __aeabi_memclr                 
00002431  __aeabi_memclr4                
00002431  __aeabi_memclr8                
00002433  __aeabi_memset                 
00002433  __aeabi_memset4                
00002433  __aeabi_memset8                
00002439  memset                         
000024ad  __TI_auto_init                 
00002589  frexp                          
00002589  frexpl                         
000025ed  ltoa                           
00002645  _c_int00                       
00002699  C$$EXIT                        
0000269d  abort                          
000026a5  exit                           
000026ed  atoi                           
00002739  copy_in                        
00002785  __aeabi_d2iz                   
000027cd  __aeabi_i2d                    
000027fb  memccpy                        
00002819  _args_main                     
00002831  strcmp                         
00002849  strchr                         
00002861  _register_unlock               
00002867  _register_lock                 
0000286f  _nop                           
00002875  copysign                       
00002875  copysignl                      
00002889  strcpy                         
0000289d  strlen                         
000028b1  lcd_clear                      
000028c1  __TI_decompress_none           
000028cf  ResetISR                       
000028db  __TI_decompress_rle24          
000028e1  _system_pre_init               
000028e4  _ctypes_                       
00002a14  __TI_Handler_Table_Base        
00002a1c  __TI_CINIT_Base                
00002a1c  __TI_Handler_Table_Limit       
00002a2c  __TI_CINIT_Limit               
20000000  __stack                        
20000200  __STACK_TOP                    
20000800  __STACK_END                    
20000854  _prevButton                    
20000858  __TI_cleanup_ptr               
2000085c  __TI_dtors_ptr                 
20000860  __TI_enable_exit_profile_output
20000864  _lock                          
20000868  _unlock                        
2000086c  errno                          
20000870  main_func_sp                   
ffffffff  __TI_pprof_out_hndl            
ffffffff  __TI_prof_data_size            
ffffffff  __TI_prof_data_start           
ffffffff  __binit__                      
ffffffff  __c_args__                     
ffffffff  binit                          
UNDEFED   SHT$$INIT_ARRAY$$Base          
UNDEFED   SHT$$INIT_ARRAY$$Limit         

[110 symbols]
